[   .000000] Linux version 4.15.0-23-generic (buildd@lgw01-amd64-055) (gcc version 7.3.0 (Ubuntu 7.3.0-16ubuntu3)) #25-Ubuntu SMP Wed May 23 18:02:16 UTC 2018 (Ubuntu 4.1.023.25-gneric 4.15.18)
[    0.000000] Command line: BOOT_IMAGE=/boot/vmlinuz-4.15.0-23-generic root=LABELcloudimg-rootfs ro console=tty1 console=ttyS0
[    0.000000] KERNEL supported cpus:
[    0.000000]   Intel GenuineIntel
[    0.000000]   AMD AuthenticAMD
[    0.000000]   Centaur CentaurHauls
[    0.000000] x86/fpu: Supporting XSAVE fatre 0x001: 'x87 floating point registers'
[    0.000000] x86/fpu: Supporting XSAVE feature 0x002: 'SSE regisers'
[    0.000000] x86/fpu: Supporting XSAVE feature 0x004: 'AVX registers'
[    0.000000] x86/fpu: xstate_offset[2]:  576, xstate_sizes[2]:  256
[    0.000000] x86/fpu: Enabled xstate features 0x7, context size is 832 bytes, using 'standard' format.
[    0.000000] e820: BIOS-provided physical RAM map:
[    0.000000] BIOS-e820: [mem 0x0000000000000000-0x000000000009fbff] usable
[    0.000000] BIOS-e820: [mem 0x000000000009fc00-0x000000000009ffff] reserved
[    0.000000] BIOS-e820: mem x0000000000f000-000000000000fffff] reserved
[    0.000000] BIOS-e820: [mmem0x00000000001000-0x00000000dffeff] uabe
[   0.00000] BI-e820: em 0x00000000dff0000x0000000dfffffff] ACPI data
[    0.000000] BIOS-e820: [mem 0x00000000fec00000-0x00000000fec00fff] reserved
[    0.000000] BIOS-e820: [mm x00000000fee00000-0x000000fe00fff reserve
[    0.000000] BIOS-e820 [em 0x00000000fffc0000-0x00000000ffffffff] reserved
[    0.000000] BIOS-e820: mem 0x0000000100000000-0x00000002203fffff] usable
[    0.000000] NX (Execute Disable) protection: active
[    0.000000] random: fast init done
[    0.000000] SMBIOS 2.5 present.
[    0.00000] DMI: inntek GmbH VirtualBox/VirtualBox, BIOS VirtualBox 12/01/2006
[   0.000000] Hypervisor detected: KVM
[    0.000000] e820: last_pfn = 0x220400 max_arch_pfn = 0x400000000
[    0.000000] MTRR: Disabled
[    0.0000] x86/PAT: MTRRs isbled, skippin PT inializatn too.
[    0.000000] CPU MTRRs all blank  virtualized system.
[    0.000000] x86/PAT: Configuration [0-7]: WB  WT  UC- UC  WB  WT  UC- UC  
[    0.000000] e820: last_pfn = 0xdfff0 max_arch_pfn = 0x400000000
[    0.000000] found SMP MP-table at [mem 0x0009fff0-0x0009ffff] mapped at [        (ptrval)]
[    0.000000] Scanning 1 areas for low memory corruption
[    0.000000] RAMDISK: [mem 0x35aed000-0x36d6dfff]
[    0.000000] ACPI: Early table checksum verification disabled
[    0.000000] ACPI: RSDP 0x00000000000E0000 000024 (v02 VBOX  )
[    0.000000] ACPI: XSDT 0x00000000DFFF0030 00003C (v01 VBOX   VBOXXSDT 00000001 ASL  00000061)
[    0.000000] ACPI: FACP 0x00000000DFFF00F0 0000F4 (v04 VBOX   VBOXFACP 00000001 ASL  00000061)
[    0.000000] ACPI: DSDT 0x00000000DFFF0480 0021FF (v02 VBOX   VBOXBIOS 00000002 INTL 20100528)
[    0.000000] ACPI: FACS 0x00000000DFFF0200 000040
[    0.000000] ACPI: FACS 0x00000000DFFF0200 000040
[    0.000000] ACPI: APIC 0x00000000DFFF0240 00006C (v02 VBOX   VBOXAPIC 00000001 ASL  00000061)
[    0.000000] ACPI: SSDT 0x00000000DFFF02B0 0001CC (v01 VBOX   VBOXCPUT 00000002 ITL 20100528)
[    0.00000] No NUMA configuration found
[    0.000000] Faking a node at [mem 0x0000000000000000-0x00000002203fffff]
[    0.000000] NODE_DATA(0) allocated [mem 0x2203d1000-0x2203fbfff]
[    0.000000] kvm-clock: cpu 0, msr 2:20350001, primary cpu clock
[    0.000000] kvm-clock: Using msrs 4b564d01 and 4b564d00
[    0.000000] kvm-clock: using sched offset of 3570250004 cycles
[    0.000000] clocksource: kvm-clock: mask: 0xffffffffffffffff max_cycles: 0x1cd42e4dffb, max_idle_ns: 881590591483 ns
[    0.000000] Section 67 and 68 (node 0) have a circular dependency on usemap and pgdat allocations
[    0.000000] Zone ranges:
[    0.000000]   DMA      [mem 0x0000000000001000-0x0000000000ffffff]
[    0.000000]   DMA32    [mem 0x0000000001000000-0x00000000ffffffff]
[    0.000000]   Normal   [mem 0x000000010000000-0x00000002203fffff]
[     0.000000]   Device   empty
[    0.000000] Movable zone start for each node
[    0.000000] Early memory node ranges
[    0.000000]   node   0: [mem 0x0000000000001000-0x000000000009efff]
[    0.000000]   node   0: [mem 0x0000000000100000-0x00000000dffeffff]
[    0.000000]   node   0: [mem 0x0000000100000000-0x00000002203fffff]
[    0.000000] Initmem setup node 0 [mem 0x0000000000001000-0x00000002203fffff]
[    0.000000] Reserved but unavailable: 98 pages
[    0.000000] ACPI: PM-Timer IO Port: 0x4008
[    0.000000] IOAPIC[0]: apic_id 4, version 32, address 0xfec00000, GSI 0-23
[    0.000000] ACPI: INT_SRC_OVR (bus 0 bus_irq 0 global_irq 2 dfl dfl)
[    0.000000] ACPI: INT_SRC_OVR (bus 0 bus_irq 9 global_irq 9 low level)
[    0.000000] Using ACPI (MADT) for SMP configuration information
[    0.000000] smpboot: Allowing 4 CPUs, 0 hotplug CPUs
[    0.000000] PM: Registeredosaveemory: me 0x00000-00000fff
    0.00000]PM: Restered nsae memory: mem 0x009f0000x009ff]
[  0000000] PM: Registered nosav mmory: me 0x000a000-x000effff]
[    0.000000] PM: Registered nosave memory: [mem 0x000f0000-0x000ffff]
    0.000000] P: egistered nosave memory: [mem 0xdfff0000-0xdfffffff]
[    0.000000] PM: Registered nosave memory: [mem 0xe0000000-0xfebfffff]
[    0.000000] PM: Registered nosave memory: [mem 0xfec00000-0xfec00fff]
[    0.000000] PM: Registered nosave memory: [mem 0xfec01000-0xfedfffff]
[    0.000000] PM: Registered nosave memory: [mem 0xfee00000-0xfee00fff]
[    0.000000] PM: Registered nosave memory: [mem 0xfee01000-0xfffbffff]
[    0.000000] PM: Registered nosave memory: [mem 0xfffc0000-0xffffffff]
[    0.000000] e820: [mem 0xe0000000-0xfebffffff] available for PCI devices
[    0.000000] Booting paravirtualized kernel on KVM
[    0.000000] clocksource: refined-jiffies: mask: 0xffffffff max_cycles: 0xffffffff, max_idle_ns: 7645519600211568 ns
[    0.000000] setup_percpu: NR_CPUS:8192 nr_cpumask_bits:4 nr_cpu_ids:4 nr_node_ids:1
[    0.000000] percpu: mbdded6 pags/pu @      (ptrvl) s151552 r8192 d2672 u54288
[    0.00000] PV qspinlock hash table entries: 256 (order: 0, 4096 bytes)
[    0.000000] Built 1 zonelists, mobility grouping on.  Total pages: 2065257
[    0.000000] Policy zone: Normal
[    0.000000] Kernel command line: BOOT_IMAGE=/boot/vmlinuz-4.15.0-23-generic root=LABEL=cloudimg-rootfs ro console=tty1 console=ttyS0
[    0.000000] Memory: 8144692K/8392248K availale(12300K kernel code, 2470K rwdata, 4240K rodata, 2408K init, 2416K bss, 24756 reserved, 0K cma-reserved)
[    0.000000] SLUB: HWalign=64, Order=0-3, MinObjects=0, CPUs=4, Nodes=1
[    0.000000] Kernel/User page tables isolation: enabled
[    0.000000] ftrace: allocating 39083 entries in 153 pages
[    0.004000] Hierarchical RCU implementation.
[    0.004000] 	RCU restricting CPUs from NR_CPUS=8192 to nr_cpu_ids=4.
[    0.004000] 	Tasks RCU enabled.
[    0.004000] RCU: Adjusting geometry for rcu_fanout_leaf=16, nr_cpu_ids=4
[    0.004000] NR_IRQS: 524544, nr_irqs: 456, preallocated irqs: 16
[    0.004000] Console: colour VGA+ 80x25
[    0.004000] console [tty1] enabled
[    0.004000] console [ttyS0] enabled
[    0.004000] ACPI: Core revision 20170831
[    0.004000] ACPI: 2 ACPI AML tables successfully acquired and loaded
[    0.004000] APIC: Switch to symmetric I/O mode setup
[    0.004000] x2apic enabled
[    0.004000] Switched APIC routing to physical x2apic.
[    0.004000] ..TIMER: vector=0x30 apic1=0 pin1=2apc2=-1 pin2=-1
[    0.004006] tsc: Detected 4000.024 MHz processor
[    0.008007] Calibrating delay loop (skipped) preset value.. 8000.04 BogoMIPS (lpj=16000096)
[    0.012005] pid_max: default: 32768 minimum: 301
[    0.016033] Security Framework initialized
[    0.020006] Yama: becoming mindful.
[    0.024031] AppArmor: AppArmor initialized
[    0.052206] Dentry cache hash table entries: 1048576 (order: 11, 8388608 bytes)
[    0.068100] Inode-cache hash table entries: 524288 (order: 10, 4194304 bytes)
[    0.072101] Mount-cache hash table entries: 16384 (order: 5, 131072 bytes)
[    0.076024] Mountpoint-cache hash table entries: 16384 (order: 5, 131072 bytes)
[    0.076958] CPU: Physical Processor ID: 0
[    0.080005] CPU: Processor Core ID: 0
[    0.080430] mce: CPU supports 0 MCE banks
[    0.080879] Last level iTLB entries: 4KB 1024, 2MB 1024, 4MB 1024
[    0.081478] Last level dTLB entries: 4KB 1024, 2MB 1024, 4MB 1024, 1GB 4
[    0.082164] Spectre V2 : Mitigation: Full generic retpoline
[    0.084006] Speculative Store Bypass: Vulnerable
[    0.084599] Freeing SMP alternatives memory: 36K
[    0.088000] smpboot: CPU0: Intel(R) Core(TM) i7-4790K CPU @ 4.00GHz (family: 0x6, model: 0x3c, stepping: 0x3)
[    0.088069] Performance Events: unsupported p6 CPU model 60 no PMU driver, software events only.
[    0.092024] Hierarchical SRCU implementation.
[    0.104170] NMI watchdog: Perf event create on CPU 0 failed with -2
[    0.108007] NMI watchdog: Perf NMI watchdog permanently disabled
[    0.108704] smp: Bringing up secondary CPUs ...
[    0.109271] x86: Booting SMP configuration:
[    0.109759] .... node  #0, CPUs:      #1
[    0.004000] kvm-clock: cpu 1, msr 2:20350041, secondary cpu clock
[    0.004000] mce: CPU supports 0 MCE banks
[    0.131006]  #2
[    0.004000] kvm-clock: cpu 2, msr 2:20350081, secondary cpu clock
[    0.004000] mce: CPU supports 0 MCE banks
[    0.140061]  #3
[    0.004000] kvm-clock: cpu 3, msr 2:203500c1, secondary cpu clock
[    0.004000] mce: CPU supports 0 MCE banks
[    0.148020] smp: Brought up 1 node, 4 CPUs
[    0.152005] smpboot: Max logical packages: 1
[    0.152498] smpboot: Total of 4 processors activated (32000.19 BogoMIPS)
[    0.156042] devtmpfs: initialized
[    0.156431] x86/mm: Memory block size: 128MB
[    0.157359] evm: security.selinux
[    0.160008] evm: security.SMACK64
[    0.160380] evm: security.SMACK64EXEC
[    0.160801] evm: security.SMACK64TRANSMUTE
[    0.161234] evm: security.SMACK64MMAP
[    0.161715] evm: security.apparmor
[    0.162112] evm: security.ima
[    0.162450] evm: security.capability
[    0.164107] clocksource: jiffies: mask: 0xffffffff max_cycles: 0xffffffff, max_idle_ns: 7645041785100000 ns
[    0.168009] futex hash table entries: 1024 (order: 4, 65536 bytes)
[    0.172094] pinctrl core: initialized pinctrl subsystem
[    0.176103] RTC time: 12:03:44, date: 07/04/18
[    0.176709] NET: Registered protocol family 16
[    0.177321] audit: initializing netlink subsys (disabled)
[    0.177956] audit: type=2000 audit(1530705826.940:1): state=initialized audit_enabled=0 res=1
[    0.180012] cpuidle: using governor ladder
[    0.180463] cpuidle: using governor menu
[    0.180971] ACPI: bus type PCI registered
[    0.181397] acpiphp: ACPI Hot Plug PCI Controller Driver version: 0.5
[    0.188088] PCI: Using configuration type 1 for base access
[    0.192944] HugeTLB registered 2.00 MiB page size, pre-allocated 0 pages
[    0.200005] ACPI: Added _OSI(Module Device)
[    0.204010] ACPI: Added _OSI(Processor Device)
[    0.204515] ACPI: Added _OSI(3.0 _SCP Extensions)
[    0.205042] ACPI: Added _OSI(Processor Aggregator Device)
[    0.208231] ACPI: Executed 1 blocks of module-level executable AML code
[    0.211661] ACPI: Interpreter enabled
[    0.212028] ACPI: (supports S0 S5)
[    0.212430] ACPI: Using IOAPIC for interrupt routing
[    0.213189] PCI: Using host bridge windows from ACPI; if necessary, use "pci=nocrs" and report a bug
[    0.214248] ACPI: Enabled 2 GPEs in block 00 to 07
[    0.219793] ACPI: PCI Root Bridge [PCI0] (domain 0000 [bus 00-ff])
[    0.220013] acpi PNP0A03:00: _OSC: OS supports [ASPM ClockPM Segments MSI]
[    0.224041] acpi PNP0A03:00: _OSC: not requesting OS control; OS requires [ExtendedConfig ASPM ClockPM MSI]
[    0.228021] acpi PNP0A03:00: fail to add MMCONFIG information, can't access extended PCI configuration space under this bridge.
[    0.232291] PCI host bridge to bus 0000:00
[    0.236008] pci_bus 0000:00: root bus resource [io  0x0000-0x0cf7 window]
[    0.237167] pci_bus 0000:00: root bus resource [io  0x0d00-0xffff window]
[    0.237864] pci_bus 0000:00: root bus resource [mem 0x000a0000-0x000bffff window]
[    0.238643] pci_bus 0000:00: root bus resource [mem 0xe0000000-0xfdffffff window]
[    0.239425] pci_bus 0000:00: root bus resource [bus 00-ff]
[    0.241338] pci 0000:00:01.1: legacy IDE quirk: reg 0x10: [io  0x01f0-0x01f7]
[    0.242103] pci 0000:00:01.1: legacy IDE quirk: reg 0x14: [io  0x03f6]
[    0.242777] pci 0000:00:01.1: legacy IDE quirk: reg 0x18: [io  0x0170-0x0177]
[    0.243546] pci 0000:00:01.1: legacy IDE quirk: reg 0x1c: [io  0x0376]
[    0.340867] pci 0000:00:07.0: quirk: [io  0x4000-0x403f] claimed by PIIX4 ACPI
[    0.341807] pci 0000:00:07.0: quirk: [io  0x4100-0x410f] claimed by PIIX4 SMB
[    0.401263] ACPI: PCI Interrupt Link [LNKA] (IRQs 5 9 10 *11)
[    0.432252] ACPI: PCI Interrupt Link [LNKB] (IRQs 5 9 *10 11)
[    0.434158] ACPI: PCI Interrupt Link [LNKC] (IRQs 5 *9 10 11)
[    0.444125] ACPI: PCI Interrupt Link [LNKD] (IRQs 5 9 10 *11)
[    0.445109] SCSI subsystem initialized
[    0.448057] pci 0000:00:02.0: vgaarb: setting as boot VGA device
[    0.452000] pci 0000:00:02.0: vgaarb: VGA device added: decodes=io+mem,owns=io+mem,locks=none
[    0.480009] pci 0000:00:02.0: vgaarb: bridge control possible
[    0.480627] vgaarb: loaded
[    0.488039] ACPI: bus type USB registered
[    0.492029] usbcore: registered new interface driver usbfs
[    0.504026] usbcore: registered new interface driver hub
[    0.508037] usbcore: registered new device driver usb
[    0.516082] EDAC MC: Ver: 3.0.0
[    0.524173] PCI: Using ACPI for IRQ routing
[    0.524686] NetLabel: Initializing
[    0.525542] NetLabel:  domain hash size = 128
[    0.536004] NetLabel:  protocols = UNLABELED CIPSOv4 CALIPSO
[    0.560033] NetLabel:  unlabeled traffic allowed by default
[    0.560735] clocksource: Switched to clocksource kvm-clock
[    0.664020] VFS: Disk quotas dquot_6.6.0
[    0.671257] VFS: Dquot-cache hash table entries: 512 (order 0, 4096 bytes)
[    0.672035] AppArmor: AppArmor Filesystem Enabled
[    0.672579] pnp: PnP ACPI init
[    0.673610] pnp: PnP ACPI: found 3 devices
[  0.681919] clocksource: acpi_pm: mask: 0xffffff max_cles: 0xffffff, max_idle_ns: 2085701024 ns
[    0.763451] NET: Registered protocol family 2
[     0.788184] TCP established hash table entries: 65536 (order: 7, 524288 bytes)
[    0.789386] TCP bind hash table entries: 65536 (order: 8, 1048576 bytes)
[    0.790390] TCP: Hash tables configured (established 65536 bind 65536)
[    0.791099] UDP hash table tries: 4096 (order: 5, 131072 bytes)
[  0.83125] UDP-Lite hash tle entries: 4096 (order: 5, 131072 bytes)
[    0.938096] NET: Registered protocol family 1
[    0.938565] pci 0000:00:00.0: Limiting direct PCI/PCI transfers
[    0.93980] pci 0000:00:01.0: Activating ISA DMA hang workarounds
[    0.959380] pci 0000:00:02.0: Video device with shadowed ROM at [mem 0x000c0000-0x000dffff]
[    0.960419] Unpacking initramfs...

[    1.951960] Freeing initrd memory: 18948K
[    1.952485] PCI-DMA: Using software bounce buffering for I (WIOTLB)[  2.032800] software IO TLB [mem 0xdbff0000-0xdfff0000] (64MB) mapped at [000000005d38dddd-0000000002569584]
[    2.094340] platform rtc_cmos: registered platform RTC device (no PNP device found)
[    2.095152] Scanning for low memory corruption every 60 seconds

[    2.096483] Initialise system trusted keyrings
[    2.096975] Key type blacklist registered
[    2.104541] workingset: timestamp_bits=36 max_order=21 bucket_order=0
[    2.124592] zbud: loadd

[    2.156939] squashfs: version 4.0 (2009/01/31) Phillip Lougher
[    2.200857] fuse init (I rsn 7.26)

[    2.340602] Key type asymmetric registered
[    2.341088] Asymmetric key parser 'x509' registered
[    2.341624] Block layer SCSI generic (bsg) driver version 0.4 loaded (major 246)
[    2.353289] io scheduler noop registered
[    2.359937] io scheduler deadline registered
[    2.362941] io scheduler cfq registered (default)
[    2.363840] ACPI: AC Adapter [AC] (on-line)
[    2.364395] input: Power Button as /devices/LNXSYSTM:00/LNXPWRBN:00/input/input0
[    2.365247] ACPI: Power Button [PWRF]
[    2.365787] input: Sleep Button as /devices/LNXSYSTM:00/LNXSLPBN:00/input/input1
[    2.366571] ACPI: Sleep Button [SLPF]
[    2.367344] Serial: 8250/16550 driver, 32 ports, IRQ sharing enabled
[    2.389640] 00:02: ttyS0 at I/O 0x3f8 (irq = 4, base_baud = 115200) is a 16550A
[    2.403804] Linux agpgart interface v0.103
[    2.438203] loop: module loaded
[    2.440373] scsi host0: ata_piix
[   2.460959] scsi host1: aa_iix
[    2.527611] ata1: PATA max UDMA/33 cmd 0x1f0 ctl 0x3f6 bmdma 0xd000 irq 14
[    2.528338] ata2: PATA max UDMA/33 cmd 0x170 ctl 0x376 bmdma 0xd008 irq 15

[    2.529107] libphy: Fixed MDIO Bus: probed
[    2.533857] tun: Universal TUN/TAP device driver, 1.6
[    2.534690 PPP geeric driver version 2.4.2
[    2.573433] ehci_hcd: USB 2.0 'Enhanced' Host Controller (EHCI) Driver
[    2.574131] ehci-pci: EHCI PCI platform driver
[    2.574663] ehci-platform: EHCI generic platform driver
[    2.575307] ohci_hcd: USB 1.1 'Open' Host Controller (OHCI) Driver
[    2.576001] ohci-pci: OHCI PCI platform driver
[    2.576518] ohci-platform: OHCI generic platform driver
[    2.577131] uhci_hcd: USB Universal Host Controller Interface driver
[    2.577875] i8042: PNP: PS/2 Controller [PNP0303:PS2K,PNP0f03:PS2M] at 0x60,0x64 irq 1,12
[    2.579109] serio: i8042 KBD port at 0x60,0x64 irq 1
[    2.579722] serio: i8042 AUX port at 0x60,0x64 irq 12
[    2.580487] mousedev: PS/2 mouse device common for all mice

[    2.581598] input: AT Translated Set 2 keyboard as /devices/platform/i8042/serio0/input/input2
[    2.582742] rtc_cmos rtc_cmos: rtc core: registered rtc_cmos as rtc0
[    2.584953] rtc_cmos rtc_cmos: alarms up to one day, 114 bytes nvram
[    2.585705] i2c /dev entries driver
[    2.586382] device-mapper: uevent: version 1.0.3
[    2.586989] device-mapper: ioctl: 4.37.0-ioctl (2017-09-20) initialised: dm-devel@redhat.com
[    2.588030] ledtrig-cpu: registered to indicate activity on CPUs
[    2.589063] NET: Registered protocol family 10
[    2.591931] Segment Routing with IPv6
[    2.592440] NET: Registered protocol family 17
[    2.593037] Key type dns_resolver registered
[    2.593790] RAS: Correctable Errors collector initialized.
[    2.594413] sched_clock: Marking stable (2593763327, 0)->(8119471626, -5525708299)
[    2.595676] registered taskstats version 1
[    2.596165] Loading compiled-in X.509 certificates
[    2.602766] Loaded X.509 cert 'Build time autogenerated kernel key: d77482c25b833df502ed38a87c5d7f330fdff3cb'
[    2.612378] zswap: loaded using pool lzo/zbud
[    2.615399] Key type big_key registered
[    2.615919] Key type trusted registered
[    2.617534] Key type encrypted registered
[    2.618110] AppArmor: AppArmor sha1 policy hashing enabled
[    2.618842] ima: No TPM chip found, activating TPM-bypass! (rc=-19)
[    2.621168] evm: HMAC attrs: 0x1
[    2.624920]   Magic number: 10:91:76
[    2.625510] rtc_cmos rtc_cmos: setting system clock to 2018-07-04 12:03:46 UTC (1530705826)
[    2.626680] BIOS EDD facility v0.16 2004-Jun-25, 0 devices found
[    2.627425] EDD information not available.
[    2.855148] Freeing unused kernel memory: 2408K
[    2.916262] Write protecting the kernel read-only data: 20480k
[    3.808615] tsc: Refined TSC clocksource calibration: 4001.118 MHz
[    3.809252] clocksource: tsc: mask: 0xffffffffffffffff max_cycles: 0x39ac7cd3544, max_idle_ns: 440795312793 ns
[    3.810622] Freeing unused kernel memory: 2008K
[    3.813490] Freeing unused kernel memory: 1904K
[    3.817610] x86/mm: Checked W+X mappings: passed, no W+X pages found.
[    3.818273] x86/mm: Checking user space page tables
[    3.822442] x86/mm: Checked W+X mappings: passed, no W+X pages found.
Loading, please wait...
starting version 237
[    4.049438] e1000: Intel(R) PRO/1000 Network Driver - version 7.3.21-k8-NAPI
[    4.051939] e1000: Copyright (c) 1999-2006 Intel Corporation.
[    4.053155] Fusion MPT base driver 3.04.20
[    4.065002] Copyright (c) 1999-2008 LSI Corporation
[    4.070288] Fusion MPT SPI Host driver 3.04.20
[    4.071113] AVX2 version of gcm_enc/dec engaged.
[    4.071749] AES CTR mode by8 optimization enabled
[    4.250949] input: ImExPS/2 Generic Explorer Mouse as /devices/platform/i8042/serio1/input/input4
[    4.815119] e1000 0000:00:03.0 eth0: (PCI:33MHz:32-bit) 02:0d:b6:bd:48:b1
[    4.851945] e1000 0000:00:03.0 eth0: Intel(R) PRO/1000 Network Connection
[    4.910569] mptbase: ioc0: Initiating bringup
[    4.910678] e1000 0000:00:03.0 enp0s3: renamed from eth0
[    5.032766] ioc0: LSI53C1030 A0: Capabilities={Initiator}
[    5.305183] scsi host2: ioc0: LSI53C1030 A0, FwRev=00000000h, Ports=1, MaxQ=256, IRQ=20
[    5.488824] scsi 2:0:0:0: Direct-Access     VBOX     HARDDISK         1.0  PQ: 0 ANSI: 5
[    5.528124] scsi target2:0:0: Beginning Domain Validation
[    5.563417] scsi target2:0:0: Domain Validation skipping write tests
[    5.574724] scsi target2:0:0: Ending Domain Validation
[    5.575621] scsi target2:0:0: asynchronous
[    5.576967] scsi 2:0:1:0: Direct-Access     VBOX     HARDDISK         1.0  PQ: 0 ANSI: 5
[    5.608088] scsi target2:0:1: Beginning Domain Validation
[    5.697675] scsi target2:0:1: Domain Validation skipping write tests
[    5.712895] scsi target2:0:1: Ending Domain Validation
[    5.713596] scsi target2:0:1: asynchronous
[    5.714507] scsi 2:0:2:0: Direct-Access     VBOX     HARDDISK         1.0  PQ: 0 ANSI: 5
[    5.744621] scsi target2:0:2: Beginning Domain Validation
[    5.831059] scsi target2:0:2: Domain Validation skipping write tests
[    5.856160] scsi target2:0:2: Ending Domain Validation
[    5.857259] scsi target2:0:2: asynchronous
[    5.860259] sd 2:0:0:0: Attached scsi generic sg0 type 0
[    5.860908] sd 2:0:0:0: [sda] 20971520 512-byte logical blocks: (10.7 GB/10.0 GiB)
[    5.861778] sd 2:0:0:0: [sda] Write Protect is off
[    5.862404] sd 2:0:0:0: [sda] Incomplete mode parameter data
[    5.862529] sd 2:0:1:0: [sdb] 20480 512-byte logical blocks: (10.5 MB/10.0 MiB)
[    5.862587] sd 2:0:1:0: [sdb] Write Protect is off
[    5.862685] sd 2:0:1:0: [sdb] Incomplete mode parameter data
[    5.862686] sd 2:0:1:0: [sdb] Assuming drive cache: write through
[    5.863024] sd 2:0:1:0: Attached scsi generic sg1 type 0
[    5.863427] sd 2:0:2:0: Attached scsi generic sg2 type 0
[    5.863645] sd 2:0:2:0: [sdc] 20971520 512-byte logical blocks: (10.7 GB/10.0 GiB)
[    5.863687] sd 2:0:2:0: [sdc] Write Protect is off
[    5.863746] sd 2:0:2:0: [sdc] Incomplete mode parameter data
[    5.863746] sd 2:0:2:0: [sdc] Assuming drive cache: write through
[    5.864482] sd 2:0:1:0: [sdb] Attached SCSI disk
[    5.864793] sd 2:0:2:0: [sdc] Attached SCSI disk
[    5.870784] sd 2:0:0:0: [sda] Assuming drive cache: write through
[    5.872379]  sda: sda1
[    5.873213] sd 2:0:0:0: [sda] Attached SCSI disk
Begin: Loading essential drivers ... [    7.264169] raid6: sse2x1   gen() 13446 MB/s
[    7.312444] raid6: sse2x1   xor()  9503 MB/s
[    7.360221] raid6: sse2x2   gen() 15080 MB/s
[    7.408057] raid6: sse2x2   xor() 10143 MB/s
[    7.456303] raid6: sse2x4   gen() 17839 MB/s
[    7.512085] raid6: sse2x4   xor() 10540 MB/s
[    7.572612] raid6: avx2x1   gen() 25655 MB/s
[    7.660216] raid6: avx2x1   xor() 17267 MB/s
[    7.728531] raid6: avx2x2   gen() 29370 MB/s
[    7.776232] raid6: avx2x2   xor() 17763 MB/s
[    7.828443] raid6: avx2x4   gen() 34416 MB/s
[    7.876092] raid6: avx2x4   xor() 21188 MB/s
[    7.880582] raid6: using algorithm avx2x4 gen() 34416 MB/s
[    7.894996] raid6: .... xor() 21188 MB/s, rmw enabled
[    7.936626] raid6: using avx2x2 recovery algorithm
[    7.957203] xor: automatically using best checksumming function   avx       
[    7.987004] async_tx: api initialized (async)
done.
Begin: Running /scripts/init-premount ... done.
Begin: Mounting root file system ... Begin: Running /scripts/local-top ... done.
Begin: Running /scripts/local-premount ... [    8.022823] Btrfs loaded, crc32c=crc32c-intel
Scanning for Btrfs filesystems
done.
Warning: fsck not present, so skipping root file system
[    8.073061] EXT4-fs (sda1): mounted filesystem with ordered data mode. Opts: (null)
done.
Begin: Running /scripts/local-bottom ... done.
Begin: Running /scripts/init-bottom ... done.
[    8.240714] ip_tables: (C) 2000-2006 Netfilter Core Team
[    8.247846] systemd[1]: systemd 237 running in system mode. (+PAM +AUDIT +SELINUX +IMA +APPARMOR +SMACK +SYSVINIT +UTMP +LIBCRYPTSETUP +GCRYPT +GNUTLS +ACL +XZ +LZ4 +SECCOMP +BLKID +ELFUTILS +KMOD -IDN2 +IDN -PCRE2 default-hierarchy=hybrid)
[    8.250016] systemd[1]: Detected virtualization oracle.
[    8.250563] systemd[1]: Detected architecture x86-64.

Welcome to [1mUbuntu 18.04 LTS[0m!

[    8.257582] systemd[1]: Set hostname to <ubuntu>.
[    8.261621] systemd[1]: Initializing machine ID from random generator.
[    8.262334] systemd[1]: Installed transient /etc/machine-id file.
[    8.517283] systemd[1]: Set up automount Arbitrary Executable File Formats File System Automount Point.
[[0;32m  OK  [0m] Set up automount Arbitrary Executabâ€¦rmats File System Automount Point.
[    8.519318] systemd[1]: Started Forward Password Requests to Wall Directory Watch.
[[0;32m  OK  [0m] Started Forward Password Requests to Wall Directory Watch.
[    8.863559] systemd[1]: Created slice System Slice.
[[0;32m  OK  [0m] Created slice System Slice.
[    8.940482] systemd[1]: Listening on Network Service Netlink Socket.
[[0;32m  OK  [0m] Listening on Network Service Netlink Socket.
[[0;32m  OK  [0m] Listening on /dev/initctl Compatibility Named Pipe.
[[0;32m  OK  [0m] Listening on LVM2 poll daemon socket.
[[0;32m  OK  [0m] Reached target User and Group Name Lookups.
[[0;32m  OK  [0m] Listening on udev Kernel Socket.
[[0;32m  OK  [0m] Listening on Journal Socket (/dev/log).
[[0;32m  OK  [0m] Reached target System Time Synchronized.
[[0;32m  OK  [0m] Listening on Journal Audit Socket.
[[0;32m  OK  [0m] Reached target Swap.
[[0;32m  OK  [0m] Listening on Device-mapper event daemon FIFOs.
[[0;32m  OK  [0m] Listening on Syslog Socket.
[[0;32m  OK  [0m] Created slice User and Session Slice.
[[0;32m  OK  [0m] Reached target Slices.
[[0;32m  OK  [0m] Listening on LVM2 metadata daemon socket.
[[0;32m  OK  [0m] Listening on udev Control Socket.
[[0;32m  OK  [0m] Listening on Journal Socket.
         Starting Load Kernel Modules...
[   10.293266] Loading iSCSI transport class v2.0-870.
         Startin[   11.044554] iscsi: registered transport (tcp)
g Uncomplicated firewall...
         Starting udev Coldplug all Devices...
         Starting Set the console keyboard layout...
         Starting Journal Service...
         Mounting POSIX Message Queue File System...
         Startin[   11.143951] iscsi: registered transport (iser)
g Remount Root and Kernel File Systems...
         Mounting Kernel Debug File System...
         Mounting Huge Pages File System...
         Starting Monitoring of LVM2 mirrorsâ€¦ng dmeventd or progress polling...
[[0;32m  OK  [0m] Created slice system-serial\x2dgetty.slice.
         Startin[   11.427423] random: crng init done
g Create list of required stâ€¦ce nodes for the current kernel...
[[0;32m  OK  [0m] Started Journal Service.
[[0;32m  OK  [0m] Started Load Kernel Modules.
[[0;32m  OK  [0m] Started Uncomplicated firewall.
[[0;32m  OK  [0m] Started Crea[   11.506587] EXT4-fs (sda1): re-mounted. Opts: (null)
te list of required staâ€¦vice nodes for the current kernel.
[[0;32m  OK  [0m] Mounted POSIX Message Queue File System.
[[0;32m  OK  [0m] Started Remount Root and Kernel File Systems.
[[0;32m  OK  [0m] Mounted Kernel Debug File System.
[[0;32m  OK  [0m] Mounted Huge Pages File System.
[[0;32m  OK  [0m] Started Set the console keyboard layout.
[[0;32m  OK  [0m] Started udev Coldplug all Devices.
[[0;32m  OK  [0m] Started LVM2 metadata daemon.
         Starting Load/Save Random Seed...
         Starting Initial cloud-init job (pre-networking)...
         Starting Create Static Device Nodes in /dev...
         Mounting Kernel Configuration File System...
         Mounting FUSE Control File System...
         Starting Apply Kernel Variables...
         Starting Flush Journal to Persistent Storage...
[[0;32m  OK  [0m] Started Monitoring of LVM2 mirrors,â€¦sing dmeventd or progress polling.
[[0;32m  OK  [0m] Started Load/Save Random Seed.
[[0;32m  OK  [0m] Mounted Kernel Configuration File System.
[[0;32m  OK  [0m] Mounted FUSE Control File System.
[[0;32m  OK  [0m] Started Apply Kernel Variables.
[[0;32m  OK  [0m] Started Flush Journal to Persistent Storage.
[[0;32m  OK  [0m] Started Create Static Device Nodes in /dev.
[[0;32m  OK  [0m] Reached target Local File Systems (Pre).
[[0;32m  OK  [0m] Reached target Local File Systems.
         Starting Tell Plymouth To Write Out Runtime Data...
         Starting Set console font and keymap...
         Starting Create Volatile Files and Directories...
         Starting Commit a transient machine-id on disk...
         Starting AppArmor initialization...
         Starting ebtables ruleset management...
         Starting udev Kernel Device Manager...
[[0;32m  OK  [0m] Started Tell Plymouth To Write Out Runtime Data.
[[0;32m  OK  [0m] Started Set console font and keymap.
[[0;32m  OK  [0m] Started Create Volatile Files and Directories.
         Starting Update UTMP about System Boot/Shutdown...
[[0;32m  OK  [0m] Started Update UTMP about System Boot/Shutdown.
[[0;32m  OK  [0m] Started udev Kernel Device Manager.
[[0;32m  OK  [0m] Started Dispatch Password Requests to Console Directory Watch.
[[0;32m  OK  [0m] Reached target Local Encrypted Volumes.
[[0;32m  OK  [0m] Started Commit a transient machine-id on disk.
[[0;32m  OK  [0m] Started ebtables ruleset management.
[[0;32m  OK  [0m] Found device /dev/ttyS0.
[[0;32m  OK  [0m] Listening on Load/Save RF Kill Switch Status /dev/rfkill Watch.
[[0;32m  OK  [0m] Started AppArmor initialization.
[   14.913883] cloud-init[441]: Cloud-init v. 18.2 running 'init-local' at Wed, 04 Jul 2018 12:03:58 +0000. Up 14.31 seconds.
[[0;32m  OK  [0m] Started Initial cloud-init job (pre-networking).
[[0;32m  OK  [0m] Reached target Network (Pre).
         Starting Network Service...
[[0;32m  OK  [0m] Started Network Service.
         Starting Wait for Network to be Configured...
         Starting Network Name Resolution...
[[0;32m  OK  [0m] Started Network Name Resolution.
[[0;32m  OK  [0m] Reached target Host and Network Name Lookups.
[[0;32m  OK  [0m] Reached target Network.
[[0;32m  OK  [0m] Started Wait for Network to be Configured.
         Starting Initial cloud-init job (metadata service crawler)...
[   18.105028] cloud-init[723]: Cloud-init v. 18.2 running 'init' at Wed, 04 Jul 2018 12:04:00 +0000. Up 17.02 seconds.
[[0;32m  OK  [0m] Started Initial cloud-init job (metadata service crawler).
[[0;32m  OK  [0m] Reached target Network is Online.
[   18.191167] cloud-init[723]: ci-info: +++++++++++++++++++++++++++++++++++++Net device info++++++++++++++++++++++++++++++++++++++
         Starting iSCSI initiator daemon (iscsid)...
[   18.305446] [cloud-init[0;32m  OK  [0m[723]: ] ci-info: +--------+------+---------------------------+---------------+--------+-------------------+Reached target System Initialization.

[[0;32m  OK  [0m] Listening on D-Bus System Message Bus Socket.
[   18.425812] [cloud-init[0;32m  OK  [0m[723]: ] ci-info: | Device |  Up  |          Address          |      Mask     | Scope  |     Hw-Address    |Started Message of the Day.

[[0;32m  OK  [0m] Started Discard unused blocks once a week.
[   18.451210] [[0;32m  OK  [0m] Listening on UUID daemon activation socket.
[[0;32m  OK  [0m] Started Daily Cleanup of Temporary Directories.
cloud-init[723]: ci-info: +--------+------+---------------------------+---------------+--------+-------------------+
[[0;32m  OK  [0m] Started ACPI Events Check.
[   18.521101] [[0;32m  OK  [0m] Reached target Paths.
[[0;32m  OK  [0m] cloud-initListening on ACPID Listen Socket.[723]: 
ci-info: | enp0s3 | True |         10.0.2.15         | 255.255.255.0 | global | 02:0d:b6:bd:48:b1 |
         Starting LXD - unix socket.
[   18.538682] cloud-init[723]: ci-info: | enp0s3 | True | fe80::d:b6ff:febd:48b1/64 |       .       |  link  | 02:0d:b6:bd:48:b1 |
[[0;32m  OK  [0m] Started Daily apt download activities.
[   18.544325] cloud-init[723]: ci-info: |   lo   | True |         127.0.0.1         |   255.0.0.0   |  host  |         .         |
[[0;32m  OK  [0m] Started Daily apt upgrade and clean activities.
[   18.556636] cloud-init[723]: ci-info: |   lo   | True |          ::1/128          |       .       |  host  |         .         |
[[0;32m  OK  [0m] Reached target Timers.
[   18.557188] cloud-init[723]: ci-info: +--------+------+---------------------------+---------------+--------+-------------------+
[   18.564500]          cloud-initStarting Socket activation for snappy daemon.[723]: 
ci-info: ++++++++++++++++++++++++++++Route IPv4 info+++++++++++++++++++++++++++++
[[0;32m  OK  [0m] Reached target Cloud-config availability.
[   18.576686] cloud-init[723]: ci-info: +-------+-------------+----------+-----------------+-----------+-------+
[[0;32m  OK  [0m] Listening on LXD - unix socket.
[   18.583690] cloud-init[723]: ci-info: | Route | Destination | Gateway  |     Genmask     | Interface | Flags |
[[0;32m  OK  [0m] Listening on Socket activation for snappy daemon.
[   18.591034] cloud-init[723]: ci-info: +-------+-------------+----------+-----------------+-----------+-------+
[[0;32m  OK  [0m] Started iSCSI initiator daemon (iscsid).
[   18.593656] cloud-init[723]: ci-info: |   0   |   0.0.0.0   | 10.0.2.2 |     0.0.0.0     |   enp0s3  |   UG  |
         Starting Availability of block devices...
[[   18.598909] [0;32m  OK  [0mcloud-init] [723]: Reached target Remote File Systems (Pre).ci-info: |   1   |   10.0.2.0  | 0.0.0.0  |  255.255.255.0  |   enp0s3  |   U   |

[[0;32m  OK  [0m] Reached target Remote File Systems.
[   18.654602] cloud-init[723]: ci-info: |   2   |   10.0.2.2  | 0.0.0.0  | 255.255.255.255 |   enp0s3  |   UH  |
[[0;32m  OK  [0m] Reached target Sockets.
[   18.692323] cloud-init[723]: ci-info: +-------+-------------+----------+-----------------+-----------+-------+[
[0;32m  OK  [0m] Reached target Basic System.
         Starting Permit User Sessions...
[   18.790464] cloud-init[723]: ci-info: +++++++++++++++++++Route IPv6 info+++++++++++++++++++
         Starting Login Service...
[   18.795709] cloud-init[723]: ci-info: +-------+-------------+---------+-----------+-------+
         Starting LSB: automatic crash report generation...
[   18.802070] cloud-init[723]: ci-info: | Route | Destination | Gateway | Interface | Flags |
         Starting Pollinate to seed the pseudo random number generator...
[   18.856682] cloud-init[723]: ci-info: +-------+-------------+---------+-----------+-------+
[[0;32m  OK  [0m] Started Regular background program processing daemon.
[   18.858253] cloud-init[723]: ci-info: |   1   |  fe80::/64  |    ::   |   enp0s3  |   U   |
[   18.859828] cloud-init[723]: ci-info: |   3   |    local    |    ::   |   enp0s3  |   U   |
[[0;32m  OK  [0m] Started D-Bus System Message Bus.
[   18.862127] cloud-init[723]: ci-info: |   4   |   ff00::/8  |    ::   |   enp0s3  |   U   |
[   18.863161] cloud-init[723]: ci-info: +-------+-------------+---------+-----------+-------+
[   18.864136] cloud-init[723]: Generating public/private rsa key pair.
[   18.864763] cloud-init[723]: Your identification has been saved in /etc/ssh/ssh_host_rsa_key.
[   18.865605] cloud-init[723]: Your public key has been saved in /etc/ssh/ssh_host_rsa_key.pub.
[   18.866347] cloud-init[723]: The key fingerprint is:
[   18.866849] cloud-init[723]: SHA256:oFn0b5vMNpZKitJNWl6FBjra7C1njD8hLYUO7RBH+lo root@ubuntu-bionic
[   18.867678] cloud-init[723]: The key's randomart image is:
[   18.868234] cloud-init[723]: +---[RSA 2048]----+
[   18.868686] cloud-init[723]: |   .. .          |
[[0;32m  OK  [0m] Started Login Service.
[   18.887425] cloud-init[723]: |  ......         |
[   18.888160] cloud-init[723]: |  .+ oo...       |
[   18.888567] cloud-init[723]: |  o.=+..o..      |
[   18.888990] cloud-init[723]: |   OE+ .S.o      |
[   18.889380] cloud-init[723]: |  .oB = .+ +     |
[   18.889804] cloud-init[723]: |  .o % o. X      |
[   18.890259] cloud-init[723]: |  . *.Oo + .     |
[   18.890772] cloud-init[723]: |   ..=o..        |
[   18.891235] cloud-init[723]: +----[SHA256]-----+
[   18.891676] cloud-init[723]: Generating public/private dsa key pair.
[   18.892240] cloud-init[723]: Your identification has been saved in /etc/ssh/ssh_host_dsa_key.
[   18.892938] cloud-init[723]: Your public key has been saved in /etc/ssh/ssh_host_dsa_key.pub.
[   18.893731] cloud-init[723]: The key fingerprint is:
[   18.894196] cloud-init[723]: SHA256:Y+HNUyP3yYlcWertIMmLRCS1IfDkCtKswVcDVxcqKdo root@ubuntu-bionic
[   18.895027] cloud-init[723]: The key's randomart image is:
[   18.895473] cloud-init[723]: +---[DSA 1024]----+
[   18.895866] cloud-init[723]: |    ..=o=.*.    .|
[   18.896349] cloud-init[723]: | . o o * * o   + |
[   18.896822] cloud-init[723]: |  + * o = + + +  |
[   18.897285] cloud-init[723]: |   B o + = * O + |
[   18.897741] cloud-init[723]: |  o E . S = * B .|
[   18.898186] cloud-init[723]: |       . o o o o |
[   18.898582] cloud-init[723]: |          . .   .|
[   18.900545] cloud-init[723]: |                 |
[   18.901058] cloud-init[723]: |                 |
[   18.901528] cloud-init[723]: +----[SHA256]-----+
[   18.903991] cloud-init[723]: Generating public/private ecdsa key pair.
         Starting Dispatcher daemon for systemd-networkd...
[   18.920328] cloud-init[723]: Your identification has been saved in /etc/ssh/ssh_host_ecdsa_key.
[   18.949068] cloud-init[723]: Your public key has been saved in /etc/ssh/ssh_host_ecdsa_key.pub.
[   18.949910] cloud-init[723]: The key fingerprint is:
[   18.972627] cloud-init[723]: SHA256:lKaLNJpdnUCST/0fP/VcXDXOITxyAa96fw5sdZDz678 root@ubuntu-bionic
[   18.973436] cloud-init[723]: The key's randomart image is:
[   18.974042] cloud-init[723]: +---[ECDSA 256]---+
[   18.974599] cloud-init[723]: |    ....   .oo.oo|
[   18.976253] cloud-init[723]: |    .o. .. ..++.+|
[   18.976720] cloud-init[723]: |     o. +.  o.=+.|
[   18.977175] cloud-init[723]: |      .* .. o  ++|
[   18.977604] cloud-init[723]: |    o o S  o o +=|
[   18.978018] cloud-init[723]: |   = + .  . o + =|
[[0;32m  OK  [0m] Started irqbalance daemon.
[   18.996284] cloud-init[723]: |  o o .  . . + o |
[   18.997196] cloud-init[723]: |          . o o. |
[[0;32m  OK  [0m] Started FUSE filesystem for LXC.
[   18.997719] cloud-init[723]: |             .oE+|
[   19.010931] cloud-init[723]: +----[SHA256]-----+
         Starting Accounts Service...
[   19.011427] cloud-init[723]: Generating public/private ed25519 key pair.
[[0;32m  OK  [0m] Started Unattended Upgrades Shutdown.
[   19.012417] cloud-init[723]: Your identification has been saved in /etc/ssh/ssh_host_ed25519_key.
         Starting System Logging Service...
[   19.015647] cloud-init[723]: Your public key has been saved in /etc/ssh/ssh_host_ed25519_key.pub.
[   19.016940] cloud-init[723]: The key fingerprint is:
         Starting Apply the settings specified in cloud-config...
[   19.017025] cloud-init[723]: SHA256:F0cwWJuQcEkLwvpv7Bx/UHF73XcntXjUymuiEvktyQI root@ubuntu-bionic
         Starting LSB: Record successful boot for GRUB...
         Starting Virtualbox guest utils...
[   19.056137] cloud-init[723]: The key's randomart image is:
[   19.095740] cloud-init[723]: +--[ED25519 256]--+
[   19.096449] cloud-init[723]: |   .. oo+=+..   .|
[   19.110676] cloud-init[723]: |    .. o+o.=.  .o|
[   19.120857] cloud-init[723]: |   .    . +o.oo+o|
[   19.121414] cloud-init[723]: |  .       .o..=o*|
[   19.121977] cloud-init[723]: |   .    So.  ..o+|
[   19.122596] cloud-init[723]: |    . E +.  . o  |
         Starting Snappy daemon...
[   19.128944] cloud-init[723]: |     o.. = + o   |
[   19.160234] [[0;32m  OK  [0m] Started Deferred execution scheduler.
cloud-init[723]: |     .+oo B .    |         Starting LXD - container startup/shutdown...

[[0;32m  OK  [0m] Started System Logging Service.
[[0;32m  OK  [0m] Started Dispatcher daemon for systemd-networkd.
[[0;32m  OK  [0m] Started Availability of block devices.
[[0;32m  OK  [0m] Started Permit User Sessions.
[   19.162403] cloud-init[723]: |     oo .+ .     |
[   19.165184] cloud-init[723]: +----[SHA256]-----+
         Starting Authorization Manager...
         Starting Hold until boot process finishes up...
         Starting Terminate Plymouth Boot Screen...
[[0;32m  OK  [0m] Started LSB: automatic crash report generation.
[[0;32m  OK  [0m] Started Hold until boot process finishes up.
[[0;32m  OK  [0m] Started Terminate Plymouth Boot Screen.
         Starting Set console scheme...
[[0;32m  OK  [0m] Started Serial Getty on ttyS0.
[[0;32m  OK  [0m] Started LXD - container startup/shutdown.
[[0;32m  OK  [0m] Started Set console scheme.
[[0;32m  OK  [0m] Started LSB: Record successful boot for GRUB.
[[0;32m  OK  [0m] Created slice system-getty.slice.
[[0;32m  OK  [0m] Started Getty on tty1.
[[0;32m  OK  [0m] Reached target Login Prompts.
[[0;32m  OK  [0m] Started Authorization Manager.
[[0;32m  OK  [0m] Started Accounts Service.
[[0;32m  OK  [0m] Started Virtualbox guest utils.
[[0;32m  OK  [0m] Started Snappy daemon.
[[0;32m  OK  [0m] Started Pollinate to seed the pseudo random number generator.
         Starting OpenBSD Secure Shell server...
         Starting Wait until snapd is fully seeded...
[[0;32m  OK  [0m] Started OpenBSD Secure Shell server.
[   20.972731] cloud-init[998]: Cloud-init v. 18.2 running 'modules:config' at Wed, 04 Jul 2018 12:04:03 +0000. Up 19.69 seconds.
[[0;32m  OK  [0m] Started Apply the settings specified in cloud-config.
[[0;32m  OK  [0m] Started Wait until snapd is fully seeded.
[[0;32m  OK  [0m] Reached target Multi-User System.
         Starting Execute cloud user/final scripts...
[[0;32m  OK  [0m] Reached target Graphical Interface.
         Starting Update UTMP about System Runlevel Changes...
[[0;32m  OK  [0m] Started Update UTMP about System Runlevel Changes.
ci-info: no authorized ssh keys fingerprints found for user ubuntu.
<14>Jul  4 12:04:05 ec2: 
<14>Jul  4 12:04:05 ec2: #############################################################
<14>Jul  4 12:04:05 ec2: -----BEGIN SSH HOST KEY FINGERPRINTS-----
<14>Jul  4 12:04:05 ec2: 1024 SHA256:Y+HNUyP3yYlcWertIMmLRCS1IfDkCtKswVcDVxcqKdo root@ubuntu-bionic (DSA)
<14>Jul  4 12:04:05 ec2: 256 SHA256:lKaLNJpdnUCST/0fP/VcXDXOITxyAa96fw5sdZDz678 root@ubuntu-bionic (ECDSA)
<14>Jul  4 12:04:05 ec2: 256 SHA256:F0cwWJuQcEkLwvpv7Bx/UHF73XcntXjUymuiEvktyQI root@ubuntu-bionic (ED25519)
<14>Jul  4 12:04:05 ec2: 2048 SHA256:oFn0b5vMNpZKitJNWl6FBjra7C1njD8hLYUO7RBH+lo root@ubuntu-bionic (RSA)
<14>Jul  4 12:04:05 ec2: -----END SSH HOST KEY FINGERPRINTS-----
<14>Jul  4 12:04:05 ec2: #############################################################
-----BEGIN SSH HOST KEY KEYS-----
ecdsa-sha2-nistp256 AAAAE2VjZHNhLXNoYTItbmlzdHAyNTYAAAAIbmlzdHAyNTYAAABBBH0MV0Dyx5s0vfZ6VH1DQWcSLuLndTTVvAEWWBTp6Qvy0BiZrqZw6Ac29D7UvD0Tf1fEOmaN721b9V3hhwP2C1U= root@ubuntu-bionic
ssh-ed25519 AAAAC3NzaC1lZDI1NTE5AAAAIP3IKRGzOwnZJfpT3IqrOOZtKnp/dZ51k+O8N9XQ/j6H root@ubuntu-bionic
ssh-rsa AAAAB3NzaC1yc2EAAAADAQABAAABAQCzvD/ZwseGIJ/e5lmhULOh3lmP6nV5QBkp90rAiNRvVTVyBkwkx0WTIDSTaT8P3Zbb+3DFR5tIBq0mSs3m2FSjUz43LvCKiaBHqzJB6X2oe0gsDmX+iY0pvbS0MYmmLu+MKU39uFDnfxwGNepTkYZcugcrcT1AbAktewOrbi1ftMTuiO5PFYINL5ljxRQ5SdWSOChRsLmlL9y8N672Xq6dtoTIrrKhOmHC9vf/fedkRq5T34txp1wgc20MM7ieUu0r+dnytBZmws4BQvsby2trVH36bQIw/w8WJyA3wPFmtFDIQ3QVLTDj/2KGp/ezW2/wrpzw1Uibjhll0E4x6Vfp root@ubuntu-bionic
-----END SSH HOST KEY KEYS-----
[   22.196060] cloud-init[1373]: Cloud-init v. 18.2 running 'modules:final' at Wed, 04 Jul 2018 12:04:05 +0000. Up 21.81 seconds.
[   22.197291] cloud-init[1373]: ci-info: no authorized ssh keys fingerprints found for user ubuntu.
[   22.198276] cloud-init[1373]: Cloud-init v. 18.2 finished at Wed, 04 Jul 2018 12:04:06 +0000. Datasource DataSourceNoCloud [seed=/dev/sdb][dsmode=net].  Up 22.19 seconds
[[0;32m  OK  [0m] Started Execute cloud user/final scripts.
[[0;32m  OK  [0m] Reached target Cloud-init target.

Ubuntu 18.04 LTS ubuntu-bionic ttyS0

ubuntu-bionic login: 